
> @li4chess/web@0.0.0 test:e2e C:\Users\sith\Code\li4chess\apps\web
> playwright test

[WebServer] npm warn Unknown env config "npm-globalconfig". This will stop working in the next major version of npm. See `npm help npmrc` for supported config options.
[WebServer] npm warn Unknown env config "recursive". This will stop working in the next major version of npm. See `npm help npmrc` for supported config options.
[WebServer] npm warn Unknown env config "verify-deps-before-run". This will stop working in the next major version of npm. See `npm help npmrc` for supported config options.
[WebServer] npm warn Unknown env config "_jsr-registry". This will stop working in the next major version of npm. See `npm help npmrc` for supported config options.
[WebServer] (node:39176) Warning: The 'NO_COLOR' env is ignored due to the 'FORCE_COLOR' env being set.
[WebServer] (Use `node --trace-warnings ...` to show where the warning was created)
[WebServer] (node:35968) Warning: The 'NO_COLOR' env is ignored due to the 'FORCE_COLOR' env being set.
[WebServer] (Use `node --trace-warnings ...` to show where the warning was created)

Running 47 tests using 1 worker

(node:35752) Warning: The 'NO_COLOR' env is ignored due to the 'FORCE_COLOR' env being set.
(Use `node --trace-warnings ...` to show where the warning was created)
(node:35752) Warning: The 'NO_COLOR' env is ignored due to the 'FORCE_COLOR' env being set.
(Use `node --trace-warnings ...` to show where the warning was created)
  ok  1 e2e\accessibility.spec.ts:4:1 › a check against a non-current player is announced alongside its score (2.6s)
  ok  2 e2e\accessibility.spec.ts:71:1 › keyboard-only setup, board selection, clearing, move and game controls (579ms)
  ok  3 e2e\accessibility.spec.ts:123:1 › arrow navigation follows every rotation and player panels follow the same directions (912ms)
  ok  4 e2e\accessibility.spec.ts:153:3 › 360px layout › full board, readable panels, touch controls and deliberate terminal result (945ms)
  ok  5 e2e\accessibility.spec.ts:153:3 › 768px layout › full board, readable panels, touch controls and deliberate terminal result (951ms)
  ok  6 e2e\accessibility.spec.ts:153:3 › 1280px layout › full board, readable panels, touch controls and deliberate terminal result (935ms)
  ok  7 e2e\accessibility.spec.ts:210:1 › long histories stay scrollable without expanding the board frame (1.3s)
  ok  8 e2e\claim.spec.ts:33:5 › Claim: lead 20, turn 0, CPU false, eliminated score 0 (460ms)
  ok  9 e2e\claim.spec.ts:33:5 › Claim: lead 21, turn 0, CPU false, eliminated score 0 (525ms)
  ok 10 e2e\claim.spec.ts:33:5 › Claim: lead 21, turn 1, CPU false, eliminated score 0 (537ms)
  ok 11 e2e\claim.spec.ts:33:5 › Claim: lead 21, turn 0, CPU true, eliminated score 0 (876ms)
  ok 12 e2e\claim.spec.ts:33:5 › Claim: lead 21, turn 0, CPU true, eliminated score 50 (1.4s)
  ok 13 e2e\complete.spec.ts:40:1 › complete phone hotseat game: Modern opening to repetition, export and terminal resume (2.0s)
  ok 14 e2e\complete.spec.ts:68:1 › complete mixed game: real CPU opening, deliberate forfeits, walking Kings and final awards (8.2s)
  ok 15 e2e\dead-armies.spec.ts:5:3 › active King checkmated: retained army is grey, unselectable, unchecked and zero-point capturable (825ms)
  ok 16 e2e\dead-armies.spec.ts:5:3 › walking King checkmated: retained army is grey, unselectable, unchecked and zero-point capturable (784ms)
  ok 17 e2e\dead-armies.spec.ts:5:3 › active King stalemated: retained army is grey, unselectable, unchecked and zero-point capturable (774ms)
  ok 18 e2e\dead-armies.spec.ts:5:3 › walking King stalemated: retained army is grey, unselectable, unchecked and zero-point capturable (791ms)
  ok 19 e2e\draw.spec.ts:3:62 › automatic insufficient-material draw explains the result and flat awards (632ms)
  ok 20 e2e\draw.spec.ts:3:62 › automatic fifty-move draw explains the result and flat awards (719ms)
  ok 21 e2e\forfeit.spec.ts:4:3 › Resign Red: opening action aborts without placements (616ms)
  ok 22 e2e\forfeit.spec.ts:22:3 › Resign Red: post-opening dead army retains a live automatically moving King (1.5s)
  ok 23 e2e\forfeit.spec.ts:4:3 › Simulate timeout: opening action aborts without placements (614ms)
  ok 24 e2e\forfeit.spec.ts:22:3 › Simulate timeout: post-opening dead army retains a live automatically moving King (1.5s)
  ok 25 e2e\game.spec.ts:3:1 › human (Red) + 3 CPU: a real move plays, then all three CPU seats auto-play their turns (2.4s)
  ok 26 e2e\game.spec.ts:26:1 › 4-CPU autoplay: the whole game drives itself turn after turn with no errors or desync (41.0s)
  ok 27 e2e\promotion.spec.ts:3:1 › eighth-rank promotion displays Queen and history, then capture scores one point (657ms)
  ok 28 e2e\replay-download.spec.ts:15:1 › StrictMode download survives identity rerender, ignores delayed obsolete response and retries (455ms)
  ok 29 e2e\replay.spec.ts:42:1 › export, reload, resume and re-export retain state and producer lineage; tampering rejects (1.3s)
  ok 30 e2e\replay.spec.ts:75:1 › terminal abort exports and imports without placements (983ms)
  ok 31 e2e\replay.spec.ts:92:1 › imported walking King resumes its cursor and exports the recorded automatic move (1.6s)
  ok 32 e2e\replay.spec.ts:122:1 › an interrupted terminal award transaction recovers the exact final result (1.1s)
  ok 33 e2e\replay.spec.ts:158:1 › imported CPU ownership and difficulty drive scheduling in a human-configured game (1.6s)
  ok 34 e2e\save.spec.ts:9:1 › hotseat moves autosave before immediate refresh and resume through keyboard controls (899ms)
  ok 35 e2e\save.spec.ts:28:1 › abort result survives refresh and a new game replaces its save (755ms)
  ok 36 e2e\save.spec.ts:52:1 › missing and corrupted saves leave setup usable (452ms)
  ok 37 e2e\save.spec.ts:70:1 › unavailable storage reports the limitation while legal moves remain usable (638ms)
  ok 38 e2e\save.spec.ts:88:1 › an older asynchronous resume cannot replace a newly started game (952ms)
  ok 39 e2e\worker.spec.ts:54:1 › real level-5 Worker keeps input usable; leaving terminates active search (2.5s)
  ok 40 e2e\worker.spec.ts:78:1 › import during real active search terminates old Worker and preserves the imported turn (2.3s)
  ok 41 e2e\worker.spec.ts:108:1 › terminal action cancels an active real Worker (2.4s)
  ok 42 e2e\worker.spec.ts:123:1 › confirmed reset terminates active search and only the new game can move (2.9s)
  ok 43 e2e\worker.spec.ts:142:1 › failure during active production search recovers once and the terminated search cannot reply (2.3s)
  ok 44 e2e\worker.spec.ts:159:1 › refresh during real active search resumes exactly one CPU turn with saved difficulty (3.6s)
  ok 45 e2e\worker.spec.ts:178:3 › constructor recovery applies exactly one legal move (1.6s)
  ok 46 e2e\worker.spec.ts:178:3 › crash recovery applies exactly one legal move (1.8s)
  ok 47 e2e\worker.spec.ts:178:3 › watchdog recovery applies exactly one legal move (4.2s)

  47 passed (2.0m)
