
> li4chess@0.0.0 test C:\Users\sith\Code\li4chess
> turbo run test "--force"

• turbo 2.10.12

   • Packages in scope: @li4chess/architecture-spike, @li4chess/arena, @li4chess/bot, @li4chess/engine, @li4chess/game-room, @li4chess/persistence, @li4chess/protocol, @li4chess/ui-kit, @li4chess/web, @li4chess/worker
   • Running test in 10 packages
   • Remote caching disabled

@li4chess/engine:test: cache bypass, force executing a0258bc59680bb21
@li4chess/engine:build: cache bypass, force executing f421bf825c7fc214
@li4chess/engine:test: $ vitest run
@li4chess/engine:build: $ tsc -p tsconfig.json
@li4chess/engine:test: 
@li4chess/engine:test:  RUN  v2.1.9 C:/Users/sith/Code/li4chess/packages/engine
@li4chess/engine:test: 
@li4chess/protocol:build: cache bypass, force executing b7530ea68b237b3e
@li4chess/protocol:test: cache bypass, force executing db31e8fcba3c13d8
@li4chess/bot:build: cache bypass, force executing 67d425afb1e46d27
@li4chess/ui-kit:build: cache bypass, force executing 029abcf09c31b429
@li4chess/bot:test: cache bypass, force executing 23f03a1831e5d5e5
@li4chess/engine:test:  ✓ test/legality.test.ts (6 tests) 43ms
@li4chess/engine:test:  ✓ test/applyMove.test.ts (4 tests) 21ms
@li4chess/engine:test:  ✓ test/ffa-end.test.ts (17 tests) 176ms
@li4chess/engine:test:  ✓ test/ffa-walking.test.ts (41 tests) 244ms
@li4chess/engine:test:  ✓ test/ffa-promotion.test.ts (36 tests) 301ms
@li4chess/engine:test:  ✓ test/ffa-core.test.ts (48 tests) 293ms
@li4chess/engine:test:  ✓ test/ffa-draw.test.ts (33 tests) 374ms
@li4chess/engine:test:  ✓ test/ffa-scoring.test.ts (60 tests) 428ms
@li4chess/engine:test:  ✓ test/ffa-en-passant.test.ts (48 tests) 443ms
@li4chess/engine:test:  ✓ test/ffa-dead.test.ts (32 tests) 665ms
@li4chess/engine:test:  ✓ test/movegen.test.ts (7 tests) 14ms
@li4chess/engine:test:  ✓ test/ffa-score-resolution.test.ts (20 tests) 169ms
@li4chess/engine:test:  ✓ test/repetition.test.ts (1 test) 17ms
@li4chess/engine:test:  ✓ test/board.test.ts (7 tests) 43ms
@li4chess/protocol:build: $ tsc -p tsconfig.json
@li4chess/engine:test:  ✓ test/ffa-state-boundary.test.ts (8 tests) 73ms
@li4chess/engine:test:  ✓ test/ffa-abort.test.ts (21 tests) 181ms
@li4chess/bot:build: $ tsc -p tsconfig.json
@li4chess/protocol:test: $ vitest run
@li4chess/engine:test:  ✓ test/ffa-setup.test.ts (4 tests) 198ms
@li4chess/ui-kit:build: $ tsc -p tsconfig.json
@li4chess/engine:test:  ✓ test/setup.test.ts (5 tests) 6ms
@li4chess/bot:test: $ vitest run
@li4chess/engine:test:  ✓ test/pawns.test.ts (1 test) 6ms
@li4chess/protocol:test: 
@li4chess/protocol:test:  RUN  v2.1.9 C:/Users/sith/Code/li4chess/packages/protocol
@li4chess/protocol:test: 
@li4chess/bot:test: 
@li4chess/bot:test:  RUN  v2.1.9 C:/Users/sith/Code/li4chess/packages/bot
@li4chess/bot:test: 
@li4chess/engine:test:  ✓ test/attacks.test.ts (3 tests) 2066ms
@li4chess/engine:test:    ✓ attackMap > agrees with isSquareAttacked throughout randomly played games 2019ms
@li4chess/engine:test:  ✓ test/ffa-castling.test.ts (64 tests) 3622ms
@li4chess/protocol:test:  ✓ test/multiplayer.test.ts (19 tests) 15ms
@li4chess/bot:test:  ✓ test/evaluate.test.ts (4 tests) 10ms
@li4chess/protocol:test:  ✓ test/completed-replay.test.ts (3 tests) 53ms
@li4chess/protocol:test:  ✓ test/serialization.test.ts (9 tests) 105ms
@li4chess/bot:test:  ✓ test/progress.test.ts (2 tests) 146ms
@li4chess/bot:test:  ✓ test/hash.test.ts (8 tests) 541ms
@li4chess/engine:test:  ✓ test/hasLegalMove.test.ts (3 tests) 3830ms
@li4chess/engine:test:    ✓ hasLegalMove > agrees with legalMoves throughout randomly played games 3793ms
@li4chess/bot:test:  ✓ test/results.test.ts (2 tests) 582ms
@li4chess/bot:test:    ✓ search does not force an eligible claim that loses to an eliminated high scorer 577ms
@li4chess/bot:test:  ✓ test/pawn-endgame.test.ts (13 tests) 910ms
@li4chess/bot:test:  ✓ test/search.test.ts (3 tests) 596ms
@li4chess/bot:test:    ✓ bot search > chooseCpuMove returns a legal move at every difficulty level 522ms
@li4chess/persistence:build: cache bypass, force executing d1ff41cd629d8837
@li4chess/web:test: cache bypass, force executing 2359a679570b352f
@li4chess/architecture-spike:test: cache bypass, force executing 05caca4a2469b9ba
@li4chess/arena:test: cache bypass, force executing 374c6efa29875fea
@li4chess/persistence:test: cache bypass, force executing 2a24239200485589
@li4chess/bot:test:  ✓ test/bounded.test.ts (10 tests) 1003ms
@li4chess/bot:test:  ✓ test/walking.test.ts (1 test) 36ms
@li4chess/bot:test:  ✓ test/classic.test.ts (1 test) 3ms
@li4chess/bot:test:  ✓ test/lab.test.ts (16 tests) 1910ms
@li4chess/bot:test:    ✓ experimental search semantics > iterative and direct search agree at fixed depth, with legal PV and exact sampling 1028ms
@li4chess/bot:test:    ✓ position corpus > opening 459ms
@li4chess/bot:test:  ✓ test/decisive.test.ts (5 tests) 2109ms
@li4chess/bot:test:    ✓ decisive outcomes outweigh material > prefers a win available now over the same win a move later 1787ms
@li4chess/web:test: $ vitest run
@li4chess/persistence:build: $ tsc --noEmit
@li4chess/persistence:test: $ vitest run
@li4chess/architecture-spike:test: $ vitest run
@li4chess/arena:test: $ vitest run
@li4chess/web:test: 
@li4chess/web:test:  RUN  v2.1.9 C:/Users/sith/Code/li4chess/apps/web
@li4chess/web:test: 
@li4chess/persistence:test: 
@li4chess/persistence:test:  RUN  v2.1.9 C:/Users/sith/Code/li4chess/packages/persistence
@li4chess/persistence:test: 
@li4chess/architecture-spike:test: 
@li4chess/architecture-spike:test:  RUN  v2.1.9 C:/Users/sith/Code/li4chess/packages/architecture-spike
@li4chess/architecture-spike:test: 
@li4chess/arena:test: 
@li4chess/arena:test:  RUN  v2.1.9 C:/Users/sith/Code/li4chess/packages/arena
@li4chess/arena:test: 
@li4chess/protocol:test:  ✓ test/node.test.ts (1 test) 6035ms
@li4chess/protocol:test:    ✓ REPLAY-01: actual clean/dirty/development producer identities and drift detection 6034ms
@li4chess/game-room:build: cache bypass, force executing e0ff91dc73b00a00
@li4chess/game-room:test: cache bypass, force executing e332a8d0a56aed33
@li4chess/protocol:test:  ✓ test/replay.test.ts (26 tests) 5658ms
@li4chess/protocol:test:    ✓ REPLAY-01..12 accepted v2 contract > REPLAY-03: legal canonical moves, before/after chain, metadata and actor tampering 724ms
@li4chess/protocol:test:    ✓ REPLAY-01..12 accepted v2 contract > REPLAY-04/10: seat 0 promotion, capture provenance and individual award 816ms
@li4chess/protocol:test:    ✓ REPLAY-01..12 accepted v2 contract > REPLAY-07/08: interrupted awards are resumable, null stays unfinished, terminal cannot be forged 490ms
@li4chess/protocol:test:    ✓ REPLAY-01..12 accepted v2 contract > REPLAY-10: complete Modern game, opening rotation, three forfeits and sole survivor +60 337ms
@li4chess/protocol:test:    ✓ REPLAY-01..12 accepted v2 contract > REPLAY-08/11: nonzero checkpoints preserve global history with explicit local causes 891ms
@li4chess/protocol:test:    ✓ REPLAY-01..12 accepted v2 contract > REPLAY-04/10: seat 0 mixed capture/check/mate and three-way fractional awards 649ms
@li4chess/protocol:test: 
@li4chess/protocol:test:  Test Files  5 passed (5)
@li4chess/protocol:test:       Tests  58 passed (58)
@li4chess/protocol:test:    Start at  15:37:58
@li4chess/protocol:test:    Duration  7.78s (transform 2.60s, setup 0ms, collect 5.13s, tests 11.87s, environment 1ms, prepare 1.94s)
@li4chess/protocol:test: 
@li4chess/web:test:  ✓ test/cpuClient.test.ts (14 tests) 15ms
@li4chess/web:test:  ✓ test/cpuJob.test.ts (2 tests) 52ms
@li4chess/web:test:  ✓ test/localSave.test.ts (5 tests) 247ms
@li4chess/architecture-spike:test:  ✓ test/command.test.ts (3 tests) 8ms
@li4chess/architecture-spike:test:  ✓ test/persistence.test.ts (1 test) 117ms
@li4chess/architecture-spike:test: 
@li4chess/architecture-spike:test:  Test Files  2 passed (2)
@li4chess/architecture-spike:test:       Tests  4 passed (4)
@li4chess/architecture-spike:test:    Start at  15:38:04
@li4chess/architecture-spike:test:    Duration  2.84s (transform 1.21s, setup 0ms, collect 2.07s, tests 124ms, environment 0ms, prepare 688ms)
@li4chess/architecture-spike:test: 
@li4chess/web:test:  ✓ test/rematch.test.ts (9 tests) 648ms
@li4chess/persistence:test:  ✓ test/model.test.ts (3 tests) 168ms
@li4chess/persistence:test: 
@li4chess/persistence:test:  Test Files  1 passed (1)
@li4chess/persistence:test:       Tests  3 passed (3)
@li4chess/persistence:test:    Start at  15:38:04
@li4chess/persistence:test:    Duration  2.97s (transform 1.29s, setup 0ms, collect 1.49s, tests 168ms, environment 0ms, prepare 250ms)
@li4chess/persistence:test: 
@li4chess/game-room:build: $ tsc --noEmit
@li4chess/game-room:test: $ vitest run
@li4chess/game-room:test: 
@li4chess/game-room:test:  RUN  v2.1.9 C:/Users/sith/Code/li4chess/packages/game-room
@li4chess/game-room:test: 
@li4chess/game-room:test:  ✓ test/rematch.test.ts (8 tests) 44ms
@li4chess/game-room:test:  ✓ test/timing.test.ts (12 tests) 74ms
@li4chess/arena:test:  ✓ test/legacy.test.ts (1 test) 73ms
@li4chess/web:test:  ✓ test/online.test.ts (17 tests) 5160ms
@li4chess/web:test:    ✓ online browser ordering and recovery > retains the original command when receipt cannot be persisted and resends the same ID after reconnect 742ms
@li4chess/web:test:    ✓ online browser ordering and recovery > retains the original command when rejection cannot be persisted and resends the same ID after reconnect 741ms
@li4chess/web:test:    ✓ online browser ordering and recovery > retains the original command when explicit cleanup cannot be persisted and resends the same ID after reconnect 783ms
@li4chess/web:test:    ✓ online browser ordering and recovery > reacts to resyncRequired immediately and ignores old socket close callbacks 675ms
@li4chess/web:test: 
@li4chess/web:test:  Test Files  5 passed (5)
@li4chess/web:test:       Tests  47 passed (47)
@li4chess/web:test:    Start at  15:38:04
@li4chess/web:test:    Duration  7.68s (transform 2.80s, setup 0ms, collect 8.01s, tests 6.12s, environment 1ms, prepare 1.86s)
@li4chess/web:test: 
@li4chess/game-room:test:  ✓ test/room.test.ts (27 tests) 2051ms
@li4chess/game-room:test:    ✓ Room state machine with mocked storage and canonical I/O > limits recovery alarm to one canonical action before scheduling its walking successor 400ms
@li4chess/game-room:test:    ✓ Room state machine with mocked storage and canonical I/O > cannot reconnect away an exhausted bank when recovery committed an earlier tied forfeit 380ms
@li4chess/engine:test:  ✓ test/fuzz.test.ts (2 tests) 16248ms
@li4chess/engine:test:    ✓ fuzz: random self-play games > every game terminates (either a result, or the ply cap) without throwing, across many seeds 5983ms
@li4chess/engine:test:    ✓ fuzz: random self-play games > completed games include every color and only a unique highest scorer is winner 10263ms
@li4chess/engine:test: 
@li4chess/engine:test:  Test Files  23 passed (23)
@li4chess/engine:test:       Tests  471 passed (471)
@li4chess/engine:test:    Start at  15:37:55
@li4chess/engine:test:    Duration  18.06s (transform 1.37s, setup 0ms, collect 5.26s, tests 29.46s, environment 6ms, prepare 4.79s)
@li4chess/engine:test: 
@li4chess/arena:test:  ✓ test/endgame-replay.test.ts (2 tests) 6325ms
@li4chess/arena:test:    ✓ reconstructs the original 240 moves and reproduces Yellow's depth-3 preference 640ms
@li4chess/arena:test:    ✓ replay continuation prepares a pawn exchange instead of another 32 quiet king moves 5683ms
@li4chess/bot:test:  ✓ test/selection.test.ts (5 tests) 13525ms
@li4chess/bot:test:    ✓ move selection never trades value for novelty > stays within the contender tolerance of the best move at level 3 9126ms
@li4chess/bot:test:    ✓ move selection never trades value for novelty > still prefers a fresh move when the alternatives really are equal 4396ms
@li4chess/bot:test:  ✓ test/endgame.test.ts (6 tests) 15376ms
@li4chess/bot:test:    ✓ won endgames actually get finished > converts king, queen and rook against a lone king 10567ms
@li4chess/bot:test:    ✓ won endgames actually get finished > converts king and queen against a lone king 2889ms
@li4chess/bot:test:    ✓ won endgames actually get finished > converts king and rook against a lone king 1916ms
@li4chess/bot:test: 
@li4chess/bot:test:  Test Files  13 passed (13)
@li4chess/bot:test:       Tests  76 passed (76)
@li4chess/bot:test:    Start at  15:37:59
@li4chess/bot:test:    Duration  17.37s (transform 1.93s, setup 0ms, collect 8.50s, tests 36.75s, environment 3ms, prepare 3.45s)
@li4chess/bot:test: 
@li4chess/game-room:test:  ✓ test/completed-replay.test.ts (12 tests) 20078ms
@li4chess/game-room:test:    ✓ completed replay read-only member audit > port-assisted 2048-command byte boundary +0 admits exactly or rejects without final publication 10626ms
@li4chess/game-room:test:    ✓ completed replay read-only member audit > port-assisted 2048-command byte boundary +1 admits exactly or rejects without final publication 9250ms
@li4chess/game-room:test: 
@li4chess/game-room:test:  Test Files  4 passed (4)
@li4chess/game-room:test:       Tests  59 passed (59)
@li4chess/game-room:test:    Start at  15:38:08
@li4chess/game-room:test:    Duration  21.41s (transform 917ms, setup 0ms, collect 2.56s, tests 22.25s, environment 1ms, prepare 1.18s)
@li4chess/game-room:test: 
@li4chess/arena:test:  ✓ test/arena.test.ts (10 tests) 29975ms
@li4chess/arena:test:    ✓ arena > FFA-DRAW-09: automatic draws are completed and replay their flat awards 3093ms
@li4chess/arena:test:    ✓ arena > FFA-END-08: auto-claims preserve replay and reports use shared mean ranks 7515ms
@li4chess/arena:test:    ✓ arena > records an abort separately without inventing placements or completed-seat statistics 2441ms
@li4chess/arena:test:    ✓ arena > walking actions bypass seat engines and replay the recorded choice 2413ms
@li4chess/arena:test:    ✓ arena > records four tied first places separately from sole wins 2436ms
@li4chess/arena:test:    ✓ arena > reproduces seeded games and replays against the oracle 4851ms
@li4chess/arena:test:    ✓ arena > captures engine errors without inventing placements 2146ms
@li4chess/arena:test:    ✓ arena > rejects historical snapshots before replay, aggregation or resuming a record 2177ms
@li4chess/arena:test:    ✓ arena > REPLAY-10: a complete Modern repetition game verifies all moves and four shared first places 2902ms
@li4chess/arena:test: 
@li4chess/arena:test:  Test Files  3 passed (3)
@li4chess/arena:test:       Tests  13 passed (13)
@li4chess/arena:test:    Start at  15:38:04
@li4chess/arena:test:    Duration  36.26s (transform 3.22s, setup 0ms, collect 12.00s, tests 36.37s, environment 1ms, prepare 1.41s)
@li4chess/arena:test: 

 Tasks:    14 successful, 14 total
Cached:    0 cached, 14 total
  Time:    46.656s 

 WARNING  no output files found for task @li4chess/game-room#build. Please check your `outputs` key in `turbo.json`
 WARNING  no output files found for task @li4chess/persistence#build. Please check your `outputs` key in `turbo.json`
