
> li4chess@0.0.0 lint C:\Users\sith\Code\li4chess
> turbo run lint "--force"

• turbo 2.10.12

   • Packages in scope: @li4chess/architecture-spike, @li4chess/arena, @li4chess/bot, @li4chess/engine, @li4chess/game-room, @li4chess/persistence, @li4chess/protocol, @li4chess/ui-kit, @li4chess/web, @li4chess/worker
   • Running lint in 10 packages
   • Remote caching disabled

@li4chess/persistence:lint: cache bypass, force executing 66888a4a5be291f3
@li4chess/ui-kit:lint: cache bypass, force executing 72f6d5a52c6f4006
@li4chess/protocol:lint: cache bypass, force executing bb40f96bdfe66683
@li4chess/worker:lint: cache bypass, force executing d11a50fb38c5c47f
@li4chess/engine:lint: cache bypass, force executing f5403378034d5808
@li4chess/bot:lint: cache bypass, force executing 1afa1f7694fb4327
@li4chess/web:lint: cache bypass, force executing 8c964ac33060b090
@li4chess/arena:lint: cache bypass, force executing ccc61f0cee8bb500
@li4chess/architecture-spike:lint: cache bypass, force executing c616c2e5e37e102d
@li4chess/game-room:lint: cache bypass, force executing 1c49dd17625e170e
@li4chess/persistence:lint: $ tsc --noEmit && tsc -p tsconfig.tests.json
@li4chess/ui-kit:lint: $ tsc -p tsconfig.json --noEmit
@li4chess/protocol:lint: $ tsc -p tsconfig.json --noEmit && tsc -p tsconfig.tests.json
@li4chess/worker:lint: $ tsc -p tsconfig.json && tsc -p tsconfig.tools.json && tsc -p tsconfig.campaign-worker.json
@li4chess/engine:lint: $ tsc -p tsconfig.json --noEmit
@li4chess/bot:lint: $ tsc -p tsconfig.json --noEmit && tsc -p tsconfig.tests.json
@li4chess/web:lint: $ tsc -p tsconfig.json --noEmit && tsc -p tsconfig.tests.json
@li4chess/arena:lint: $ tsc -p tsconfig.json --noEmit
@li4chess/architecture-spike:lint: $ tsc --noEmit && tsc -p tsconfig.tests.json
@li4chess/game-room:lint: $ tsc --noEmit && tsc -p tsconfig.tests.json

 Tasks:    10 successful, 10 total
Cached:    0 cached, 10 total
  Time:    10.108s 

