
> @li4chess/web@0.0.0 test:e2e C:\Users\sith\Code\li4chess\apps\web
> playwright test

[WebServer] npm warn Unknown env config "npm-globalconfig". This will stop working in the next major version of npm. See `npm help npmrc` for supported config options.
[WebServer] npm warn Unknown env config "recursive". This will stop working in the next major version of npm. See `npm help npmrc` for supported config options.
[WebServer] npm warn Unknown env config "verify-deps-before-run". This will stop working in the next major version of npm. See `npm help npmrc` for supported config options.
[WebServer] npm warn Unknown env config "_jsr-registry". This will stop working in the next major version of npm. See `npm help npmrc` for supported config options.

Running 53 tests using 1 worker

(node:25892) Warning: The 'NO_COLOR' env is ignored due to the 'FORCE_COLOR' env being set.
(Use `node --trace-warnings ...` to show where the warning was created)
(node:25892) Warning: The 'NO_COLOR' env is ignored due to the 'FORCE_COLOR' env being set.
(Use `node --trace-warnings ...` to show where the warning was created)
  ok  1 e2e\accessibility.spec.ts:4:1 › a check against a non-current player is announced alongside its score (2.7s)
  ok  2 e2e\accessibility.spec.ts:71:1 › keyboard-only setup, board selection, clearing, move and game controls (544ms)
  ok  3 e2e\accessibility.spec.ts:123:1 › starting a game returns the viewport to the game (345ms)
  ok  4 e2e\accessibility.spec.ts:139:1 › arrow navigation follows every rotation and player panels follow the same directions (909ms)
  ok  5 e2e\accessibility.spec.ts:169:3 › 360px layout › full board, readable panels, touch controls and deliberate terminal result (991ms)
  ok  6 e2e\accessibility.spec.ts:169:3 › 768px layout › full board, readable panels, touch controls and deliberate terminal result (987ms)
  ok  7 e2e\accessibility.spec.ts:169:3 › 1280px layout › full board, readable panels, touch controls and deliberate terminal result (917ms)
  ok  8 e2e\accessibility.spec.ts:226:1 › long histories stay scrollable without expanding the board frame (1.3s)
  ok  9 e2e\board-display.spec.ts:2:1 › piece-owner letters default off and remember either choice without changing square names (965ms)
  ok 10 e2e\claim.spec.ts:33:5 › Claim: lead 20, turn 0, CPU false, eliminated score 0 (412ms)
  ok 11 e2e\claim.spec.ts:33:5 › Claim: lead 21, turn 0, CPU false, eliminated score 0 (471ms)
  ok 12 e2e\claim.spec.ts:33:5 › Claim: lead 21, turn 1, CPU false, eliminated score 0 (469ms)
  ok 13 e2e\claim.spec.ts:33:5 › Claim: lead 21, turn 0, CPU true, eliminated score 0 (1.3s)
  ok 14 e2e\claim.spec.ts:33:5 › Claim: lead 21, turn 0, CPU true, eliminated score 50 (1.3s)
  ok 15 e2e\complete.spec.ts:40:1 › complete phone hotseat game: Modern opening to repetition, export and terminal resume (1.9s)
  ok 16 e2e\complete.spec.ts:68:1 › complete mixed game: real CPU opening, deliberate forfeits, walking Kings and final awards (7.1s)
  ok 17 e2e\dead-armies.spec.ts:5:3 › active King checkmated: retained army is grey, unselectable, unchecked and zero-point capturable (821ms)
  ok 18 e2e\dead-armies.spec.ts:5:3 › walking King checkmated: retained army is grey, unselectable, unchecked and zero-point capturable (779ms)
  ok 19 e2e\dead-armies.spec.ts:5:3 › active King stalemated: retained army is grey, unselectable, unchecked and zero-point capturable (839ms)
  ok 20 e2e\dead-armies.spec.ts:5:3 › walking King stalemated: retained army is grey, unselectable, unchecked and zero-point capturable (788ms)
  ok 21 e2e\draw.spec.ts:3:62 › automatic insufficient-material draw explains the result and flat awards (557ms)
  ok 22 e2e\draw.spec.ts:3:62 › automatic fifty-move draw explains the result and flat awards (572ms)
  ok 23 e2e\forfeit.spec.ts:4:3 › Resign Red: opening action aborts without placements (542ms)
  ok 24 e2e\forfeit.spec.ts:22:3 › Resign Red: post-opening dead army retains a live automatically moving King (1.4s)
  ok 25 e2e\forfeit.spec.ts:4:3 › Simulate timeout: opening action aborts without placements (484ms)
  ok 26 e2e\forfeit.spec.ts:22:3 › Simulate timeout: post-opening dead army retains a live automatically moving King (1.3s)
  ok 27 e2e\game.spec.ts:3:1 › human (Red) + 3 CPU: a real move plays, then all three CPU seats auto-play their turns (2.3s)
  ok 28 e2e\game.spec.ts:26:1 › 4-CPU autoplay: the whole game drives itself turn after turn with no errors or desync (41.0s)
  ok 29 e2e\promotion.spec.ts:3:1 › eighth-rank promotion displays Queen and history, then capture scores one point (661ms)
  ok 30 e2e\replay-download.spec.ts:15:1 › StrictMode download survives identity rerender, ignores delayed obsolete response and retries (453ms)
  ok 31 e2e\replay.spec.ts:42:1 › export, reload, resume and re-export retain state and producer lineage; tampering rejects (1.2s)
  ok 32 e2e\replay.spec.ts:75:1 › terminal abort exports and imports without placements (837ms)
  ok 33 e2e\replay.spec.ts:92:1 › imported walking King resumes its cursor and exports the recorded automatic move (1.4s)
  ok 34 e2e\replay.spec.ts:122:1 › an interrupted terminal award transaction recovers the exact final result (803ms)
  ok 35 e2e\replay.spec.ts:158:1 › imported CPU ownership and difficulty drive scheduling in a human-configured game (1.4s)
  ok 36 e2e\save.spec.ts:9:1 › hotseat moves autosave before immediate refresh and resume through keyboard controls (734ms)
  ok 37 e2e\save.spec.ts:28:1 › abort result survives refresh and a new game replaces its save (697ms)
  ok 38 e2e\save.spec.ts:52:1 › missing and corrupted saves leave setup usable (374ms)
  ok 39 e2e\save.spec.ts:71:1 › unavailable storage reports the limitation while legal moves remain usable (529ms)
  ok 40 e2e\save.spec.ts:89:1 › an older asynchronous resume cannot replace a newly started game (805ms)
  ok 41 e2e\ui1.spec.ts:29:5 › desktop › UI1 setup, play, states and results fit the viewport (1.2s)
  ok 42 e2e\ui1.spec.ts:29:5 › short-desktop › UI1 setup, play, states and results fit the viewport (1.1s)
  ok 43 e2e\ui1.spec.ts:29:5 › tablet › UI1 setup, play, states and results fit the viewport (1.1s)
  ok 44 e2e\ui1.spec.ts:29:5 › phone › UI1 setup, play, states and results fit the viewport (997ms)
  ok 45 e2e\worker.spec.ts:54:1 › real level-5 Worker keeps input usable; leaving terminates active search (2.4s)
  ok 46 e2e\worker.spec.ts:78:1 › import during real active search terminates old Worker and preserves the imported turn (2.2s)
  ok 47 e2e\worker.spec.ts:108:1 › terminal action cancels an active real Worker (2.2s)
  ok 48 e2e\worker.spec.ts:123:1 › confirmed reset terminates active search and only the new game can move (2.8s)
  ok 49 e2e\worker.spec.ts:142:1 › failure during active production search recovers once and the terminated search cannot reply (2.2s)
  ok 50 e2e\worker.spec.ts:159:1 › refresh during real active search resumes exactly one CPU turn with saved difficulty (3.4s)
  ok 51 e2e\worker.spec.ts:178:3 › constructor recovery applies exactly one legal move (1.5s)
  ok 52 e2e\worker.spec.ts:178:3 › crash recovery applies exactly one legal move (2.1s)
  ok 53 e2e\worker.spec.ts:178:3 › watchdog recovery applies exactly one legal move (4.1s)

  53 passed (1.9m)
